Command: C:\Espressif\python_env\idf5.5_py3.11_env\Scripts\python.exe C:\Espressif\frameworks\esp-idf-v5.5.1\tools/idf_monitor.py -p COM24 -b 115200 --toolchain-prefix xtensa-esp32s3-elf- --target esp32s3 --revision 0 D:\Code\ESPIDF\Project_Anh_Sao\build\Project_Anh_Sao.elf D:\Code\ESPIDF\Project_Anh_Sao\build\bootloader\bootloader.elf --force-color -m 'C:\Espressif\python_env\idf5.5_py3.11_env\Scripts\python.exe' 'C:\Espressif\frameworks\esp-idf-v5.5.1\tools\idf.py' '-p' 'COM24'
ESP-ROM:esp32s3-20210327
Build:Mar 27ï¿½ESP-ROM:esp32s3-20210327
Build:Mar 27 2021
rst:0x1 (POWERON),boot:0xb (SPI_FAST_FLASH_BOOT)
SPIWP:0xee
mode:DIO, clock div:1
load:0x3fce2820,len:0x158c
load:0x403c8700,len:0xd24
load:0x403cb700,len:0x2f34
entry 0x403c8924
[0;32mI (24) boot: ESP-IDF v5.5.1 2nd stage bootloader[0m
[0;32mI (25) boot: compile time Dec 16 2025 19:32:10[0m
[0;32mI (25) boot: Multicore bootloader[0m
[0;32mI (25) boot: chip revision: v0.2[0m
[0;32mI (28) boot: efuse block revision: v1.3[0m
[0;32mI (31) boot.esp32s3: Boot SPI Speed : 80MHz[0m
[0;32mI (35) boot.esp32s3: SPI Mode       : DIO[0m
[0;32mI (39) boot.esp32s3: SPI Flash Size : 2MB[0m
[0;32mI (43) boot: Enabling RNG early entropy source...[0m
[0;32mI (47) boot: Partition Table:[0m
[0;32mI (50) boot: ## Label            Usage          Type ST Offset   Length[0m
[0;32mI (56) boot:  0 nvs              WiFi data        01 02 00009000 00006000[0m
[0;32mI (63) boot:  1 phy_init         RF data          01 01 0000f000 00001000[0m
[0;32mI (69) boot:  2 factory          factory app      00 00 00010000 00100000[0m
[0;32mI (76) boot: End of partition table[0m
[0;32mI (79) esp_image: segment 0: paddr=00010020 vaddr=3c0b0020 size=20098h (131224) map[0m
[0;32mI (109) esp_image: segment 1: paddr=000300c0 vaddr=3fc9c400 size=04a40h ( 19008) load[0m
[0;32mI (114) esp_image: segment 2: paddr=00034b08 vaddr=40374000 size=0b510h ( 46352) load[0m
[0;32mI (124) esp_image: segment 3: paddr=00040020 vaddr=42000020 size=a1c04h (662532) map[0m
[0;32mI (241) esp_image: segment 4: paddr=000e1c2c vaddr=4037f510 size=0ce2ch ( 52780) load[0m
[0;32mI (253) esp_image: segment 5: paddr=000eea60 vaddr=50000000 size=00020h (    32) load[0m
[0;32mI (263) boot: Loaded app from partition at offset 0x10000[0m
[0;32mI (263) boot: Disabling RNG early entropy source...[0m
[0;32mI (273) cpu_start: Multicore app[0m
[0;32mI (282) cpu_start: Pro cpu start user code[0m
[0;32mI (282) cpu_start: cpu freq: 160000000 Hz[0m
[0;32mI (282) app_init: Application information:[0m
[0;32mI (282) app_init: Project name:     Project_Anh_Sao[0m
[0;32mI (287) app_init: App version:      1[0m
[0;32mI (290) app_init: Compile time:     Dec 16 2025 19:30:56[0m
[0;32mI (295) app_init: ELF file SHA256:  c0049dc8f...[0m
[0;32mI (299) app_init: ESP-IDF:          v5.5.1[0m
[0;32mI (303) efuse_init: Min chip rev:     v0.0[0m
[0;32mI (307) efuse_init: Max chip rev:     v0.99 [0m
[0;32mI (311) efuse_init: Chip rev:         v0.2[0m
[0;32mI (315) heap_init: Initializing. RAM available for dynamic allocation:[0m
[0;32mI (321) heap_init: At 3FCA50D0 len 00044640 (273 KiB): RAM[0m
[0;32mI (326) heap_init: At 3FCE9710 len 00005724 (21 KiB): RAM[0m
[0;32mI (331) heap_init: At 3FCF0000 len 00008000 (32 KiB): DRAM[0m
[0;32mI (337) heap_init: At 600FE000 len 00001FE8 (7 KiB): RTCRAM[0m
[0;32mI (343) spi_flash: detected chip: boya[0m
[0;32mI (345) spi_flash: flash io: dio[0m
[0;33mW (348) spi_flash: Detected size(16384k) larger than the size in the binary image header(2048k). Using the size in the binary image header.[0m
[0;32mI (361) sleep_gpio: Configure to isolate all GPIO pins in sleep state[0m
[0;32mI (367) sleep_gpio: Enable automatic switching of GPIO sleep configuration[0m
[0;32mI (374) main_task: Started on CPU0[0m
[0;32mI (394) main_task: Calling app_main()[0m
[0;32mI (394) pp: pp rom version: e7ae62f[0m
[0;32mI (394) net80211: net80211 rom version: e7ae62f[0m
[0;33mW (394) wifi:wifi osi_nvs_open fail ret=4353[0m

[0;33mW (394) wifi_init: Failed to unregister Rx callbacks[0m
[1;31mE (404) wifi_init: Failed to deinit Wi-Fi driver (0x3001)[0m
[1;31mE (404) wifi_init: Failed to deinit Wi-Fi (0x3001)[0m
ESP_ERROR_CHECK failed: esp_err_t 0x1101 (ESP_ERR_NVS_NOT_INITIALIZED) at 0x42010b14
file: "./Wifi/Wifi.c" line 17
func: wifi_init
expression: esp_wifi_init(&cfg)

abort() was called at PC 0x4037d4b7 on core 0


Backtrace: 0x4037d4f9:0x3fca89b0 0x4037d4c1:0x3fca89d0 0x4038654d:0x3fca89f0 0x4037d4b7:0x3fca8a60 0x42010b14:0x3fca8a90 0x4200b0d7:0x3fca8c00 0x420a0ca0:0x3fca8c20 0x4037e1b9:0x3fca8c50




ELF file SHA256: c0049dc8f

Rebooting...
ï¿½ï¿½ï¿½ESP-ROM:esp32s3-20210327
Build:Mar 27 2021
rst:0xc (RTC_SW_CPU_RST),boot:0xb (SPI_FAST_FLASH_BOOT)
Saved PC:0x4037d648
SPIWP:0xee
mode:DIO, clock div:1
load:0x3fce2820,len:0x158c
load:0x403c8700,len:0xd24
load:0x403cb700,len:0x2f34
entry 0x403c8924
[0;32mI (29) boot: ESP-IDF v5.5.1 2nd stage bootloader[0m
[0;32mI (29) boot: compile time Dec 16 2025 19:32:10[0m
[0;32mI (29) boot: Multicore bootloader[0m
[0;32mI (29) boot: chip revision: v0.2[0m
[0;32mI (32) boot: efuse block revision: v1.3[0m
[0;32mI (36) boot.esp32s3: Boot SPI Speed : 80MHz[0m
[0;32mI (40) boot.esp32s3: SPI Mode       : DIO[0m
[0;32mI (43) boot.esp32s3: SPI Flash Size : 2MB[0m
[0;32mI (47) boot: Enabling RNG early entropy source...[0m
[0;32mI (52) boot: Partition Table:[0m
[0;32mI (54) boot: ## Label            Usage          Type ST Offset   Length[0m
[0;32mI (60) boot:  0 nvs              WiFi data        01 02 00009000 00006000[0m
[0;32mI (67) boot:  1 phy_init         RF data          01 01 0000f000 00001000[0m
[0;32mI (73) boot:  2 factory          factory app      00 00 00010000 00100000[0m
[0;32mI (80) boot: End of partition table[0m
[0;32mI (83) esp_image: segment 0: paddr=00010020 vaddr=3c0b0020 size=20098h (131224) map[0m
[0;32mI (114) esp_image: segment 1: paddr=000300c0 vaddr=3fc9c400 size=04a40h ( 19008) load[0m
[0;32mI (118) esp_image: segment 2: paddr=00034b08 vaddr=40374000 size=0b510h ( 46352) load[0m
[0;32mI (128) esp_image: segment 3: paddr=00040020 vaddr=42000020 size=a1c04h (662532) map[0m
[0;32mI (245) esp_image: segment 4: paddr=000e1c2c vaddr=4037f510 size=0ce2ch ( 52780) load[0m
[0;32mI (257) esp_image: segment 5: paddr=000eea60 vaddr=50000000 size=00020h (    32) load[0m
[0;32mI (267) boot: Loaded app from partition at offset 0x10000[0m
[0;32mI (267) boot: Disabling RNG early entropy source...[0m
[0;32mI (277) cpu_start: Multicore app[0m
[0;32mI (286) cpu_start: Pro cpu start user code[0m
[0;32mI (286) cpu_start: cpu freq: 160000000 Hz[0m
[0;32mI (286) app_init: Application information:[0m
[0;32mI (287) app_init: Project name:     Project_Anh_Sao[0m
[0;32mI (291) app_init: App version:      1[0m
[0;32mI (294) app_init: Compile time:     Dec 16 2025 19:30:56[0m
[0;32mI (299) app_init: ELF file SHA256:  c0049dc8f...[0m
[0;32mI (304) app_init: ESP-IDF:          v5.5.1[0m
[0;32mI (308) efuse_init: Min chip rev:     v0.0[0m
[0;32mI (311) efuse_init: Max chip rev:     v0.99 [0m
[0;32mI (315) efuse_init: Chip rev:         v0.2[0m
[0;32mI (319) heap_init: Initializing. RAM available for dynamic allocation:[0m
[0;32mI (326) heap_init: At 3FCA50D0 len 00044640 (273 KiB): RAM[0m
[0;32mI (331) heap_init: At 3FCE9710 len 00005724 (21 KiB): RAM[0m
[0;32mI (336) heap_init: At 3FCF0000 len 00008000 (32 KiB): DRAM[0m
[0;32mI (341) heap_init: At 600FE000 len 00001FE8 (7 KiB): RTCRAM[0m
[0;32mI (347) spi_flash: detected chip: boya[0m
[0;32mI (350) spi_flash: flash io: dio[0m
[0;33mW (353) spi_flash: Detected size(16384k) larger than the size in the binary image header(2048k). Using the size in the binary image header.[0m
[0;32mI (365) sleep_gpio: Configure to isolate all GPIO pins in sleep state[0m
[0;32mI (371) sleep_gpio: Enable automatic switching of GPIO sleep configuration[0m
[0;32mI (378) main_task: Started on CPU0[0m
[0;32mI (398) main_task: Calling app_main()[0m
[0;32mI (398) pp: pp rom version: e7ae62f[0m
[0;32mI (398) net80211: net80211 rom version: e7ae62f[0m
[0;33mW (398) wifi:wifi osi_nvs_open fail ret=4353[0m

[0;33mW (398) wifi_init: Failed to unregister Rx callbacks[0m
[1;31mE (408) wifi_init: Failed to deinit Wi-Fi driver (0x3001)[0m
[1;31mE (408) wifi_init: Failed to deinit Wi-Fi (0x3001)[0m
ESP_ERROR_CHECK failed: esp_err_t 0x1101 (ESP_ERR_NVS_NOT_INITIALIZED) at 0x42010b14
file: "./Wifi/Wifi.c" line 17
func: wifi_init
expression: esp_wifi_init(&cfg)

abort() was called at PC 0x4037d4b7 on core 0


Backtrace: 0x4037d4f9:0x3fca89b0 0x4037d4c1:0x3fca89d0 0x4038654d:0x3fca89f0 0x4037d4b7:0x3fca8a60 0x42010b14:0x3fca8a90 0x4200b0d7:0x3fca8c00 0x420a0ca0:0x3fca8c20 0x4037e1b9:0x3fca8c50




ELF file SHA256: c0049dc8f

Rebooting...
ï¿½ï¿½ï¿½ESP-ROM:esp32s3-20210327
Build:Mar 27 2021
rst:0xc (RTC_SW_CPU_RST),boot:0xb (SPI_FAST_FLASH_BOOT)
Saved PC:0x4037d648
SPIWP:0xee
mode:DIO, clock div:1
load:0x3fce2820,len:0x158c
load:0x403c8700,len:0xd24
load:0x403cb700,len:0x2f34
entry 0x403c8924
[0;32mI (29) boot: ESP-IDF v5.5.1 2nd stage bootloader[0m
[0;32mI (29) boot: compile time Dec 16 2025 19:32:10[0m
[0;32mI (29) boot: Multicore bootloader[0m
[0;32mI (29) boot: chip revision: v0.2[0m
[0;32mI (32) boot: efuse block revision: v1.3[0m
[0;32mI (36) boot.esp32s3: Boot SPI Speed : 80MHz[0m
[0;32mI (40) boot.esp32s3: SPI Mode       : DIO[0m
[0;32mI (43) boot.esp32s3: SPI Flash Size : 2MB[0m
[0;32mI (47) boot: Enabling RNG early entropy source...[0m
[0;32mI (52) boot: Partition Table:[0m
[0;32mI (54) boot: ## Label            Usage          Type ST Offset   Length[0m
[0;32mI (60) boot:  0 nvs              WiFi data        01 02 00009000 00006000[0m
[0;32mI (67) boot:  1 phy_init         RF data          01 01 0000f000 00001000[0m
[0;32mI (73) boot:  2 factory          factory app      00 00 00010000 00100000[0m
[0;32mI (80) boot: End of partition table[0m
[0;32mI (83) esp_image: segment 0: paddr=00010020 vaddr=3c0b0020 size=20098h (131224) map[0m
[0;32mI (114) esp_image: segment 1: paddr=000300c0 vaddr=3fc9c400 size=04a40h ( 19008) load[0m
[0;32mI (118) esp_image: segment 2: paddr=00034b08 vaddr=40374000 size=0b510h ( 46352) load[0m
[0;32mI (128) esp_image: segment 3: paddr=00040020 vaddr=42000020 size=a1c04h (662532) map[0m
[0;32mI (245) esp_image: segment 4: paddr=000e1c2c vaddr=4037f510 size=0ce2ch ( 52780) load[0m
[0;32mI (257) esp_image: segment 5: paddr=000eea60 vaddr=50000000 size=00020h (    32) load[0m
[0;32mI (267) boot: Loaded app from partition at offset 0x10000[0m
[0;32mI (267) boot: Disabling RNG early entropy source...[0m
[0;32mI (277) cpu_start: Multicore app[0m
[0;32mI (286) cpu_start: Pro cpu start user code[0m
[0;32mI (286) cpu_start: cpu freq: 160000000 Hz[0m
[0;32mI (286) app_init: Application information:[0m
[0;32mI (287) app_init: Project name:     Project_Anh_Sao[0m
[0;32mI (291) app_init: App version:      1[0m
[0;32mI (294) app_init: Compile time:     Dec 16 2025 19:30:56[0m
[0;32mI (299) app_init: ELF file SHA256:  c0049dc8f...[0m
[0;32mI (304) app_init: ESP-IDF:          v5.5.1[0m
[0;32mI (308) efuse_init: Min chip rev:     v0.0[0m
[0;32mI (311) efuse_init: Max chip rev:     v0.99 [0m
[0;32mI (315) efuse_init: Chip rev:         v0.2[0m
[0;32mI (319) heap_init: Initializing. RAM available for dynamic allocation:[0m
[0;32mI (326) heap_init: At 3FCA50D0 len 00044640 (273 KiB): RAM[0m
[0;32mI (331) heap_init: At 3FCE9710 len 00005724 (21 KiB): RAM[0m
[0;32mI (336) heap_init: At 3FCF0000 len 00008000 (32 KiB): DRAM[0m
[0;32mI (341) heap_init: At 600FE000 len 00001FE8 (7 KiB): RTCRAM[0m
[0;32mI (347) spi_flash: detected chip: boya[0m
[0;32mI (350) spi_flash: flash io: dio[0m
[0;33mW (353) spi_flash: Detected size(16384k) larger than the size in the binary image header(2048k). Using the size in the binary image header.[0m
[0;32mI (365) sleep_gpio: Configure to isolate all GPIO pins in sleep state[0m
[0;32mI (371) sleep_gpio: Enable automatic switching of GPIO sleep configuration[0m
[0;32mI (378) main_task: Started on CPU0[0m
[0;32mI (398) main_task: Calling app_main()[0m
[0;32mI (398) pp: pp rom version: e7ae62f[0m
[0;32mI (398) net80211: net80211 rom version: e7ae62f[0m
[0;33mW (398) wifi:wifi osi_nvs_open fail ret=4353[0m

[0;33mW (398) wifi_init: Failed to unregister Rx callbacks[0m
[1;31mE (408) wifi_init: Failed to deinit Wi-Fi driver (0x3001)[0m
[1;31mE (408) wifi_init: Failed to deinit Wi-Fi (0x3001)[0m
ESP_ERROR_CHECK failed: esp_err_t 0x1101 (ESP_ERR_NVS_NOT_INITIALIZED) at 0x42010b14
file: "./Wifi/Wifi.c" line 17
func: wifi_init
expression: esp_wifi_init(&cfg)

abort() was called at PC 0x4037d4b7 on core 0


Backtrace: 0x4037d4f9:0x3fca89b0 0x4037d4c1:0x3fca89d0 0x4038654d:0x3fca89f0 0x4037d4b7:0x3fca8a60 0x42010b14:0x3fca8a90 0x4200b0d7:0x3fca8c00 0x420a0ca0:0x3fca8c20 0x4037e1b9:0x3fca8c50




ELF file SHA256: c0049dc8f

Rebooting...
ï¿½ï¿½ï¿½ESP-ROM:esp32s3-20210327
Build:Mar 27 2021
rst:0xc (RTC_SW_CPU_RST),boot:0xb (SPI_FAST_FLASH_BOOT)
Saved PC:0x4037d648
SPIWP:0xee
mode:DIO, clock div:1
load:0x3fce2820,len:0x158c
load:0x403c8700,len:0xd24
load:0x403cb700,len:0x2f34
entry 0x403c8924
[0;32mI (29) boot: ESP-IDF v5.5.1 2nd stage bootloader[0m
[0;32mI (29) boot: compile time Dec 16 2025 19:32:10[0m
[0;32mI (29) boot: Multicore bootloader[0m
[0;32mI (29) boot: chip revision: v0.2[0m
[0;32mI (32) boot: efuse block revision: v1.3[0m
[0;32mI (36) boot.esp32s3: Boot SPI Speed : 80MHz[0m
[0;32mI (40) boot.esp32s3: SPI Mode       : DIO[0m
[0;32mI (43) boot.esp32s3: SPI Flash Size : 2MB[0m
[0;32mI (47) boot: Enabling RNG early entropy source...[0m
[0;32mI (52) boot: Partition Table:[0m
[0;32mI (54) boot: ## Label            Usage          Type ST Offset   Length[0m
[0;32mI (60) boot:  0 nvs              WiFi data        01 02 00009000 00006000[0m
[0;32mI (67) boot:  1 phy_init         RF data          01 01 0000f000 00001000[0m
[0;32mI (73) boot:  2 factory          factory app      00 00 00010000 00100000[0m
[0;32mI (80) boot: End of partition table[0m
[0;32mI (83) esp_image: segment 0: paddr=00010020 vaddr=3c0b0020 size=20098h (131224) map[0m
[0;32mI (114) esp_image: segment 1: paddr=000300c0 vaddr=3fc9c400 size=04a40h ( 19008) load[0m
[0;32mI (118) esp_image: segment 2: paddr=00034b08 vaddr=40374000 size=0b510h ( 46352) load[0m
[0;32mI (128) esp_image: segment 3: paddr=00040020 vaddr=42000020 size=a1c04h (662532) map[0m
[0;32mI (245) esp_image: segment 4: paddr=000e1c2c vaddr=4037f510 size=0ce2ch ( 52780) load[0m
[0;32mI (257) esp_image: segment 5: paddr=000eea60 vaddr=50000000 size=00020h (    32) load[0m
[0;32mI (267) boot: Loaded app from partition at offset 0x10000[0m
[0;32mI (267) boot: Disabling RNG early entropy source...[0m
[0;32mI (277) cpu_start: Multicore app[0m
[0;32mI (286) cpu_start: Pro cpu start user code[0m
[0;32mI (286) cpu_start: cpu freq: 160000000 Hz[0m
[0;32mI (286) app_init: Application information:[0m
[0;32mI (287) app_init: Project name:     Project_Anh_Sao[0m
[0;32mI (291) app_init: App version:      1[0m
[0;32mI (294) app_init: Compile time:     Dec 16 2025 19:30:56[0m
[0;32mI (299) app_init: ELF file SHA256:  c0049dc8f...[0m
[0;32mI (304) app_init: ESP-IDF:          v5.5.1[0m
[0;32mI (308) efuse_init: Min chip rev:     v0.0[0m
[0;32mI (311) efuse_init: Max chip rev:     v0.99 [0m
[0;32mI (315) efuse_init: Chip rev:         v0.2[0m
[0;32mI (319) heap_init: Initializing. RAM available for dynamic allocation:[0m
[0;32mI (326) heap_init: At 3FCA50D0 len 00044640 (273 KiB): RAM[0m
[0;32mI (331) heap_init: At 3FCE9710 len 00005724 (21 KiB): RAM[0m
[0;32mI (336) heap_init: At 3FCF0000 len 00008000 (32 KiB): DRAM[0m
[0;32mI (341) heap_init: At 600FE000 len 00001FE8 (7 KiB): RTCRAM[0m
[0;32mI (347) spi_flash: detected chip: boya[0m
[0;32mI (350) spi_flash: flash io: dio[0m
[0;33mW (353) spi_flash: Detected size(16384k) larger than the size in the binary image header(2048k). Using the size in the binary image header.[0m
[0;32mI (365) sleep_gpio: Configure to isolate all GPIO pins in sleep state[0m
[0;32mI (371) sleep_gpio: Enable automatic switching of GPIO sleep configuration[0m
[0;32mI (378) main_task: Started on CPU0[0m
[0;32mI (398) main_task: Calling app_main()[0m
[0;32mI (398) pp: pp rom version: e7ae62f[0m
[0;32mI (398) net80211: net80211 rom version: e7ae62f[0m
[0;33mW (398) wifi:wifi osi_nvs_open fail ret=4353[0m

[0;33mW (398) wifi_init: Failed to unregister Rx callbacks[0m
[1;31mE (408) wifi_init: Failed to deinit Wi-Fi driver (0x3001)[0m
[1;31mE (408) wifi_init: Failed to deinit Wi-Fi (0x3001)[0m
ESP_ERROR_CHECK failed: esp_err_t 0x1101 (ESP_ERR_NVS_NOT_INITIALIZED) at 0x42010b14
file: "./Wifi/Wifi.c" line 17
func: wifi_init
expression: esp_wifi_init(&cfg)

abort() was called at PC 0x4037d4b7 on core 0


Backtrace: 0x4037d4f9:0x3fca89b0 0x4037d4c1:0x3fca89d0 0x4038654d:0x3fca89f0 0x4037d4b7:0x3fca8a60 0x42010b14:0x3fca8a90 0x4200b0d7:0x3fca8c00 0x420a0ca0:0x3fca8c20 0x4037e1b9:0x3fca8c50




ELF file SHA256: c0049dc8f

Rebooting...
ï¿½ï¿½ï¿½ESP-ROM:esp32s3-20210327
Build:Mar 27 2021
rst:0xc (RTC_SW_CPU_RST),boot:0xb (SPI_FAST_FLASH_BOOT)
Saved PC:0x4037d648
SPIWP:0xee
mode:DIO, clock div:1
load:0x3fce2820,len:0x158c
load:0x403c8700,len:0xd24
load:0x403cb700,len:0x2f34
entry 0x403c8924
[0;32mI (29) boot: ESP-IDF v5.5.1 2nd stage bootloader[0m
[0;32mI (29) boot: compile time Dec 16 2025 19:32:10[0m
[0;32mI (29) boot: Multicore bootloader[0m
[0;32mI (29) boot: chip revision: v0.2[0m
[0;32mI (32) boot: efuse block revision: v1.3[0m
[0;32mI (36) boot.esp32s3: Boot SPI Speed : 80MHz[0m
[0;32mI (40) boot.esp32s3: SPI Mode       : DIO[0m
[0;32mI (43) boot.esp32s3: SPI Flash Size : 2MB[0m
[0;32mI (47) boot: Enabling RNG early entropy source...[0m
[0;32mI (52) boot: Partition Table:[0m
[0;32mI (54) boot: ## Label            Usage          Type ST Offset   Length[0m
[0;32mI (60) boot:  0 nvs              WiFi data        01 02 00009000 00006000[0m
[0;32mI (67) boot:  1 phy_init         RF data          01 01 0000f000 00001000[0m
[0;32mI (73) boot:  2 factory          factory app      00 00 00010000 00100000[0m
[0;32mI (80) boot: End of partition table[0m
[0;32mI (83) esp_image: segment 0: paddr=00010020 vaddr=3c0b0020 size=20098h (131224) map[0m
[0;32mI (114) esp_image: segment 1: paddr=000300c0 vaddr=3fc9c400 size=04a40h ( 19008) load[0m
[0;32mI (118) esp_image: segment 2: paddr=00034b08 vaddr=40374000 size=0b510h ( 46352) load[0m
[0;32mI (128) esp_image: segment 3: paddr=00040020 vaddr=42000020 size=a1c04h (662532) map[0m
[0;32mI (245) esp_image: segment 4: paddr=000e1c2c vaddr=4037f510 size=0ce2ch ( 52780) load[0m
[0;32mI (257) esp_image: segment 5: paddr=000eea60 vaddr=50000000 size=00020h (    32) load[0m
[0;32mI (267) boot: Loaded app from partition at offset 0x10000[0m
[0;32mI (267) boot: Disabling RNG early entropy source...[0m
[0;32mI (277) cpu_start: Multicore app[0m
[0;32mI (286) cpu_start: Pro cpu start user code[0m
[0;32mI (286) cpu_start: cpu freq: 160000000 Hz[0m
[0;32mI (286) app_init: Application information:[0m
[0;32mI (287) app_init: Project name:     Project_Anh_Sao[0m
[0;32mI (291) app_init: App version:      1[0m
[0;32mI (294) app_init: Compile time:     Dec 16 2025 19:30:56[0m
[0;32mI (299) app_init: ELF file SHA256:  c0049dc8f...[0m
[0;32mI (304) app_init: ESP-IDF:          v5.5.1[0m
[0;32mI (308) efuse_init: Min chip rev:     v0.0[0m
[0;32mI (311) efuse_init: Max chip rev:     v0.99 [0m
[0;32mI (315) efuse_init: Chip rev:         v0.2[0m
[0;32mI (319) heap_init: Initializing. RAM available for dynamic allocation:[0m
[0;32mI (326) heap_init: At 3FCA50D0 len 00044640 (273 KiB): RAM[0m
[0;32mI (331) heap_init: At 3FCE9710 len 00005724 (21 KiB): RAM[0m
[0;32mI (336) heap_init: At 3FCF0000 len 00008000 (32 KiB): DRAM[0m
[0;32mI (341) heap_init: At 600FE000 len 00001FE8 (7 KiB): RTCRAM[0m
[0;32mI (347) spi_flash: detected chip: boya[0m
[0;32mI (350) spi_flash: flash io: dio[0m
[0;33mW (353) spi_flash: Detected size(16384k) larger than the size in the binary image header(2048k). Using the size in the binary image header.[0m
[0;32mI (365) sleep_gpio: Configure to isolate all GPIO pins in sleep state[0m
[0;32mI (371) sleep_gpio: Enable automatic switching of GPIO sleep configuration[0m
[0;32mI (378) main_task: Started on CPU0[0m
[0;32mI (398) main_task: Calling app_main()[0m
[0;32mI (398) pp: pp rom version: e7ae62f[0m
[0;32mI (398) net80211: net80211 rom version: e7ae62f[0m
[0;33mW (398) wifi:wifi osi_nvs_open fail ret=4353[0m

[0;33mW (398) wifi_init: Failed to unregister Rx callbacks[0m
[1;31mE (408) wifi_init: Failed to deinit Wi-Fi driver (0x3001)[0m
[1;31mE (408) wifi_init: Failed to deinit Wi-Fi (0x3001)[0m
ESP_ERROR_CHECK failed: esp_err_t 0x1101 (ESP_ERR_NVS_NOT_INITIALIZED) at 0x42010b14
file: "./Wifi/Wifi.c" line 17
func: wifi_init
expression: esp_wifi_init(&cfg)

abort() was called at PC 0x4037d4b7 on core 0


Backtrace: 0x4037d4f9:0x3fca89b0 0x4037d4c1:0x3fca89d0 0x4038654d:0x3fca89f0 0x4037d4b7:0x3fca8a60 0x42010b14:0x3fca8a90 0x4200b0d7:0x3fca8c00 0x420a0ca0:0x3fca8c20 0x4037e1b9:0x3fca8c50




ELF file SHA256: c0049dc8f

Rebooting...
ï¿½ï¿½ï¿½ESP-ROM:esp32s3-20210327
Build:Mar 27 2021
rst:0xc (RTC_SW_CPU_RST),boot:0xb (SPI_FAST_FLASH_BOOT)
Saved PC:0x4037d648
SPIWP:0xee
mode:DIO, clock div:1
load:0x3fce2820,len:0x158c
load:0x403c8700,len:0xd24
load:0x403cb700,len:0x2f34
entry 0x403c8924
[0;32mI (29) boot: ESP-IDF v5.5.1 2nd stage bootloader[0m
[0;32mI (29) boot: compile time Dec 16 2025 19:32:10[0m
[0;32mI (29) boot: Multicore bootloader[0m
[0;32mI (29) boot: chip revision: v0.2[0m
[0;32mI (32) boot: efuse block revision: v1.3[0m
[0;32mI (36) boot.esp32s3: Boot SPI Speed : 80MHz[0m
[0;32mI (40) boot.esp32s3: SPI Mode       : DIO[0m
[0;32mI (43) boot.esp32s3: SPI Flash Size : 2MB[0m
[0;32mI (47) boot: Enabling RNG early entropy source...[0m
[0;32mI (52) boot: Partition Table:[0m
[0;32mI (54) boot: ## Label            Usage          Type ST Offset   Length[0m
[0;32mI (60) boot:  0 nvs              WiFi data        01 02 00009000 00006000[0m
[0;32mI (67) boot:  1 phy_init         RF data          01 01 0000f000 00001000[0m
[0;32mI (73) boot:  2 factory          factory app      00 00 00010000 00100000[0m
[0;32mI (80) boot: End of partition table[0m
[0;32mI (83) esp_image: segment 0: paddr=00010020 vaddr=3c0b0020 size=20098h (131224) map[0m
[0;32mI (114) esp_image: segment 1: paddr=000300c0 vaddr=3fc9c400 size=04a40h ( 19008) load[0m
[0;32mI (118) esp_image: segment 2: paddr=00034b08 vaddr=40374000 size=0b510h ( 46352) load[0m
[0;32mI (128) esp_image: segment 3: paddr=00040020 vaddr=42000020 size=a1c04h (662532) map[0m
