Command: C:\Espressif\python_env\idf5.5_py3.11_env\Scripts\python.exe C:\Espressif\frameworks\esp-idf-v5.5.1\tools/idf_monitor.py -p COM16 -b 115200 --toolchain-prefix xtensa-esp32s3-elf- --target esp32s3 --revision 0 D:\Code\ESPIDF\Project_Anh_Sao\build\Project_Anh_Sao.elf D:\Code\ESPIDF\Project_Anh_Sao\build\bootloader\bootloader.elf --force-color -m 'C:\Espressif\python_env\idf5.5_py3.11_env\Scripts\python.exe' 'C:\Espressif\frameworks\esp-idf-v5.5.1\tools\idf.py' '-p' 'COM16'
ESP-ROM:esp32s3-20210327
Build:Mar 27ï¿½ESP-ROM:esp32s3-20210327
Build:Mar 27 2021
rst:0x1 (POWERON),boot:0xb (SPI_FAST_FLASH_BOOT)
SPIWP:0xee
mode:DIO, clock div:1
load:0x3fce2820,len:0x158c
load:0x403c8700,len:0xd24
load:0x403cb700,len:0x2f34
entry 0x403c8924
[0;32mI (24) boot: ESP-IDF v5.5.1 2nd stage bootloader[0m
[0;32mI (25) boot: compile time Dec 16 2025 19:32:10[0m
[0;32mI (25) boot: Multicore bootloader[0m
[0;32mI (25) boot: chip revision: v0.2[0m
[0;32mI (28) boot: efuse block revision: v1.3[0m
[0;32mI (31) boot.esp32s3: Boot SPI Speed : 80MHz[0m
[0;32mI (35) boot.esp32s3: SPI Mode       : DIO[0m
[0;32mI (39) boot.esp32s3: SPI Flash Size : 2MB[0m
[0;32mI (43) boot: Enabling RNG early entropy source...[0m
[0;32mI (47) boot: Partition Table:[0m
[0;32mI (50) boot: ## Label            Usage          Type ST Offset   Length[0m
[0;32mI (56) boot:  0 nvs              WiFi data        01 02 00009000 00006000[0m
[0;32mI (63) boot:  1 phy_init         RF data          01 01 0000f000 00001000[0m
[0;32mI (69) boot:  2 factory          factory app      00 00 00010000 00100000[0m
[0;32mI (76) boot: End of partition table[0m
[0;32mI (79) esp_image: segment 0: paddr=00010020 vaddr=3c0b0020 size=233ach (144300) map[0m
[0;32mI (112) esp_image: segment 1: paddr=000333d4 vaddr=3fc9cb00 size=04b58h ( 19288) load[0m
[0;32mI (116) esp_image: segment 2: paddr=00037f34 vaddr=40374000 size=080e4h ( 32996) load[0m
[0;32mI (123) esp_image: segment 3: paddr=00040020 vaddr=42000020 size=afe54h (720468) map[0m
[0;32mI (251) esp_image: segment 4: paddr=000efe7c vaddr=4037c0e4 size=109cch ( 68044) load[0m
[0;32mI (266) esp_image: segment 5: paddr=00100850 vaddr=50000000 size=00020h (    32) load[0m
[0;32mI (276) boot: Loaded app from partition at offset 0x10000[0m
[0;32mI (276) boot: Disabling RNG early entropy source...[0m
[0;32mI (286) cpu_start: Multicore app[0m
[0;32mI (295) cpu_start: Pro cpu start user code[0m
[0;32mI (295) cpu_start: cpu freq: 160000000 Hz[0m
[0;32mI (295) app_init: Application information:[0m
[0;32mI (295) app_init: Project name:     Project_Anh_Sao[0m
[0;32mI (300) app_init: App version:      1[0m
[0;32mI (303) app_init: Compile time:     Dec 16 2025 19:30:56[0m
[0;32mI (308) app_init: ELF file SHA256:  132782432...[0m
[0;32mI (313) app_init: ESP-IDF:          v5.5.1[0m
[0;32mI (316) efuse_init: Min chip rev:     v0.0[0m
[0;32mI (320) efuse_init: Max chip rev:     v0.99 [0m
[0;32mI (324) efuse_init: Chip rev:         v0.2[0m
[0;32mI (328) heap_init: Initializing. RAM available for dynamic allocation:[0m
[0;32mI (334) heap_init: At 3FCA5D98 len 00043978 (270 KiB): RAM[0m
[0;32mI (340) heap_init: At 3FCE9710 len 00005724 (21 KiB): RAM[0m
[0;32mI (345) heap_init: At 3FCF0000 len 00008000 (32 KiB): DRAM[0m
[0;32mI (350) heap_init: At 600FE000 len 00001FE8 (7 KiB): RTCRAM[0m
[0;32mI (356) spi_flash: detected chip: boya[0m
[0;32mI (359) spi_flash: flash io: dio[0m
[0;33mW (362) spi_flash: Detected size(16384k) larger than the size in the binary image header(2048k). Using the size in the binary image header.[0m
[0;32mI (374) sleep_gpio: Configure to isolate all GPIO pins in sleep state[0m
[0;32mI (380) sleep_gpio: Enable automatic switching of GPIO sleep configuration[0m
[0;32mI (387) main_task: Started on CPU0[0m
[0;32mI (407) main_task: Calling app_main()[0m
[0;32mI (437) pp: pp rom version: e7ae62f[0m
[0;32mI (437) net80211: net80211 rom version: e7ae62f[0m
[0;32mI (447) wifi:wifi driver task: 3fcaab88, prio:23, stack:6656, core=0[0m
[0;32mI (457) wifi:wifi firmware version: 14da9b7[0m
[0;32mI (457) wifi:wifi certification version: v7.0[0m
[0;32mI (457) wifi:config NVS flash: enabled[0m
[0;32mI (457) wifi:config nano formatting: disabled[0m
[0;32mI (457) wifi:Init data frame dynamic rx buffer num: 32[0m
[0;32mI (467) wifi:Init static rx mgmt buffer num: 5[0m
[0;32mI (467) wifi:Init management short buffer num: 32[0m
[0;32mI (477) wifi:Init dynamic tx buffer num: 32[0m
[0;32mI (477) wifi:Init static tx FG buffer num: 2[0m
[0;32mI (487) wifi:Init static rx buffer size: 1600[0m
[0;32mI (487) wifi:Init static rx buffer num: 10[0m
[0;32mI (487) wifi:Init dynamic rx buffer num: 32[0m
[0;32mI (497) wifi_init: rx ba win: 6[0m
[0;32mI (497) wifi_init: accept mbox: 6[0m
[0;32mI (497) wifi_init: tcpip mbox: 32[0m
[0;32mI (507) wifi_init: udp mbox: 6[0m
[0;32mI (507) wifi_init: tcp mbox: 6[0m
[0;32mI (507) wifi_init: tcp tx win: 5760[0m
[0;32mI (517) wifi_init: tcp rx win: 5760[0m
[0;32mI (517) wifi_init: tcp mss: 1440[0m
[0;32mI (517) wifi_init: WiFi IRAM OP enabled[0m
[0;32mI (527) wifi_init: WiFi RX IRAM OP enabled[0m
[0;32mI (527) phy_init: phy_version 701,f4f1da3a,Mar  3 2025,15:50:10[0m
[0;32mI (567) phy_init: Saving new calibration data due to checksum failure or outdated calibration data, mode(0)[0m
[0;32mI (587) wifi:mode : sta (3c:dc:75:63:ed:7c)[0m
[0;32mI (587) wifi:enable tsf[0m
[0;32mI (587) WIFI: Found saved WiFi: LÃ¢m HoÃ ng - Trying to connect...[0m
[0;32mI (587) WIFI: WiFi STA started, connecting...[0m
[1;31mE (597) wifi:sta is connecting, return error[0m
[0;33mW (2997) WIFI: WiFi disconnected (reason: 201)[0m
[0;32mI (3007) WIFI: Retry connect WiFi... (1/5)[0m
[0;33mW (5417) WIFI: WiFi disconnected (reason: 201)[0m
[0;32mI (5417) WIFI: Retry connect WiFi... (2/5)[0m
[0;33mW (7827) WIFI: WiFi disconnected (reason: 201)[0m
[0;32mI (7827) WIFI: Retry connect WiFi... (3/5)[0m
[0;33mW (10237) WIFI: WiFi disconnected (reason: 201)[0m
[0;32mI (10237) WIFI: Retry connect WiFi... (4/5)[0m
[0;33mW (12647) WIFI: WiFi disconnected (reason: 201)[0m
[0;32mI (12647) WIFI: Retry connect WiFi... (5/5)[0m
[0;33mW (15057) WIFI: WiFi disconnected (reason: 201)[0m
[0;33mW (15057) WIFI: Connect failed after 5 retries â†’ Start SmartConfig[0m
[0;32mI (15057) WIFI: Starting SmartConfig (ESP-Touch V2)...[0m
[0;32mI (15617) smartconfig: SC version: V3.0.3[0m
[0;32mI (20437) wifi:ic_enable_sniffer[0m
[0;32mI (20437) smartconfig: Start to find channel...[0m
[0;32mI (20437) WIFI: SmartConfig: Scan done[0m
